../Core/Src/esp_8266.c:18:6:esp8266_send_command	16	static
../Core/Src/esp_8266.c:22:6:esp8266_receive_response_IT	8	static
../Core/Src/esp_8266.c:29:9:esp8266_is_response_ready	4	static
../Core/Src/esp_8266.c:33:7:esp8266_get_response	4	static
../Core/Src/esp_8266.c:47:6:esp8266_clear_response_flag	4	static
../Core/Src/esp_8266.c:51:6:esp8266_wait_response_timeout	24	static
../Core/Src/esp_8266.c:59:6:esp8266_deep_sleep	72	static
../Core/Src/esp_8266.c:67:6:esp8266_reset_and_reconnect	120	static
../Core/Src/esp_8266.c:80:6:HAL_UART_RxCpltCallback	16	static
