../Core/Src/esp_8266.c:16:6:HAL_UART_RxCpltCallback	16	static
../Core/Src/esp_8266.c:32:6:esp8266_receive_response_IT	8	static
../Core/Src/esp_8266.c:41:6:esp8266_send_command	16	static
../Core/Src/esp_8266.c:46:9:esp8266_is_response_ready	4	static
../Core/Src/esp_8266.c:50:7:esp8266_get_response	4	static
../Core/Src/esp_8266.c:64:6:esp8266_clear_response_flag	4	static
../Core/Src/esp_8266.c:68:6:esp8266_wait_response_timeout	24	static
../Core/Src/esp_8266.c:76:6:esp8266_deep_sleep	72	static
../Core/Src/esp_8266.c:84:6:esp8266_reset_and_reconnect	120	static
