../Core/Src/main.c:80:13:floatToStr	24	static
../Core/Src/main.c:86:6:LCD_UpdateTemperature	24	static
../Core/Src/main.c:95:6:LCD_UpdateHumidity	24	static
../Core/Src/main.c:104:6:LCD_UpdateLuminosity	24	static
../Core/Src/main.c:118:5:main	16	static
../Core/Src/main.c:205:6:SystemClock_Config	88	static
../Core/Src/main.c:252:13:MX_I2C1_Init	8	static
../Core/Src/main.c:286:13:MX_USART2_UART_Init	8	static
../Core/Src/main.c:322:13:MX_GPIO_Init	40	static
../Core/Src/main.c:351:13:MX_NVIC_Init	8	static
../Core/Src/main.c:363:6:Error_Handler	4	static,ignoring_inline_asm
