../Drivers/CMSIS/Include/core_cm4.h:2064:26:ITM_SendChar	16	static,ignoring_inline_asm
../Core/Src/main.c:112:5:__io_putchar	16	static
../Core/Src/main.c:119:5:_write	32	static
../Core/Src/main.c:129:13:floatToStr	24	static
../Core/Src/main.c:135:6:LCD_Update_Variables	40	static
../Core/Src/main.c:159:5:main	24	static
../Core/Src/main.c:366:6:SystemClock_Config	88	static
../Core/Src/main.c:413:13:MX_I2C1_Init	8	static
../Core/Src/main.c:447:13:MX_I2C2_Init	8	static
../Core/Src/main.c:481:13:MX_SPI1_Init	8	static
../Core/Src/main.c:519:13:MX_USART2_UART_Init	8	static
../Core/Src/main.c:555:13:MX_GPIO_Init	48	static
../Core/Src/main.c:628:13:MX_NVIC_Init	8	static
../Core/Src/main.c:640:6:Error_Handler	4	static,ignoring_inline_asm
