../Core/Src/main.c:66:6:sendATCommand	16	static
../Core/Src/main.c:70:6:receiveResponse_IT	8	static
../Core/Src/main.c:77:6:HAL_UART_RxCpltCallback	16	static
../Core/Src/main.c:92:6:connectToWiFi	112	static
../Core/Src/main.c:136:6:sendDataToThingSpeak	328	static
../Core/Src/main.c:164:5:main	16	static
../Core/Src/main.c:222:6:SystemClock_Config	88	static
../Core/Src/main.c:269:13:MX_USART2_UART_Init	8	static
../Core/Src/main.c:303:13:MX_NVIC_Init	8	static
../Core/Src/main.c:311:13:MX_GPIO_Init	40	static
../Core/Src/main.c:343:6:Error_Handler	4	static,ignoring_inline_asm
