../Core/Src/UartRingbuffer.c:37:6:Ringbuf_init	8	static
../Core/Src/UartRingbuffer.c:58:6:store_char	24	static
../Core/Src/UartRingbuffer.c:72:5:Look_for	32	static
../Core/Src/UartRingbuffer.c:99:5:Uart_read	16	static
../Core/Src/UartRingbuffer.c:114:6:Uart_write	24	static
../Core/Src/UartRingbuffer.c:132:5:IsDataAvailable	4	static
../Core/Src/UartRingbuffer.c:137:6:Uart_sendstring	16	static
../Core/Src/UartRingbuffer.c:142:6:Uart_printbase	64	static
../Core/Src/UartRingbuffer.c:162:6:GetDataFromBuffer	56	static
../Core/Src/UartRingbuffer.c:219:6:Uart_flush	8	static
../Core/Src/UartRingbuffer.c:225:5:Uart_peek	4	static
../Core/Src/UartRingbuffer.c:238:5:Copy_upto	32	static
../Core/Src/UartRingbuffer.c:272:5:Get_after	32	static
../Core/Src/UartRingbuffer.c:285:5:Wait_for	24	static
../Core/Src/UartRingbuffer.c:314:6:Uart_isr	32	static
