../Core/Src/main.c:134:6:send_to_lcd	16	static
../Core/Src/main.c:166:6:lcd_send_cmd	24	static
../Core/Src/main.c:180:6:lcd_send_data	24	static
../Core/Src/main.c:193:6:lcd_clear	8	static
../Core/Src/main.c:199:6:lcd_put_cur	16	static
../Core/Src/main.c:214:6:lcd_init	8	static
../Core/Src/main.c:246:6:lcd_send_string	16	static
../Core/Src/main.c:330:5:main	16	static
../Core/Src/main.c:490:6:SystemClock_Config	88	static
../Core/Src/main.c:537:13:MX_I2C1_Init	8	static
../Core/Src/main.c:571:13:MX_GPIO_Init	40	static
../Core/Src/main.c:608:6:ReadSHT85	40	static
../Core/Src/main.c:631:6:setAlarm	24	static
../Core/Src/main.c:674:6:calculatorAverageTemperature	16	static
../Core/Src/main.c:693:6:Error_Handler	4	static,ignoring_inline_asm
